   1 | manala:
>  2 |   template: template
                 ^
