   1 | manala:
>  2 |   recipe: ""
                 ^
   3 |   repository: repository