   2 |   recipe: recipe
   3 |   repository: repository
   4 | 
>  5 | foo: bar
            ^
