  тип report                                           bar=bar foo=foo
