[1;m  тип[0m report                                           [1;merror[0m=error
