   1 | anchor: &anchor
>  2 |   0: foo
          ^
