  • sync project                                     dst={{ .dst }} src={{ .src }}
    • file synced                                    path=file.txt
