[1;m  â€¢[0m sync project                                     [1;mdst[0m={{ .dst }} [1;msrc[0m={{ .src }}
