mapping:
    bar: baz
    foo: bar
sequence:
    - foo
    - bar