   1 | manala:
>  2 |   recipe: recipe
               ^
   3 |   foo: bar