[1;m  â€¢[0m info
[1;m    â€¢[0m info
[1;m  â€¢[0m info
[1;m      â€¢[0m info
[1;m  â€¢[0m info
