  â€¢ sync project                                     dst={{ .dst }} src={{ .src }}
