   1 | manala:
>  2 |   repository: repository
                   ^
