[1;m  â€¢[0m load projects from                               [1;mdir[0m={{ .dir }}
