[1;m  â€¢[0m info                                             [1;mfoo[0m=bar
[1;m  â€¢[0m warn                                             [1;mfoo[0m=bar
[1;m  â¨¯[0m error                                            [1;mfoo[0m=bar
