####################################################################
#                         !!! REMINDER !!!                         #
# Don't forget to run `manala up` each time you update this file ! #
####################################################################

manala:
    recipe: recipe
    repository: repository

# Default vars
bar: project
baz: project
foo: recipe
