   1 | manala:
>  2 |   description: description
                    ^
   3 |   foo: bar