  â€¢ load projects from                               dir={{ .dir }}
