[1;m  â€¢[0m debug                                            [1;mfoo[0m=bar
