>  1 | subject: 123
                ^
   2 | foo: foo