  • sync project                                     src={{ .src }} dst={{ .dst }}
    • file synced                                    path=file.txt
    • file synced                                    path=template
