  â€¢ load projects from                               path={{ .path }}
