[1;mbar[0m  [3;mBar[0m
[1;mfoo[0m  [3;mFoo[0m
