foo:
    BAZ: true
    QuuX: true
    bar: true
    qUx: true