   1 | ---
   2 | foo
   3 | ---
>  4 | bar
       ^
