   1 | manala:
>  2 |   description: []
                      ^
   3 |   template: template